// Jest Snapshot v1, https://goo.gl/fbAQLP

exports[`NewContact renders and matches our snapshot 1`] = `
<div>
  <header
    className="MuiPaper-root-12 MuiPaper-elevation4-18 MuiAppBar-root-4 MuiAppBar-positionStatic-8 MuiAppBar-colorPrimary-10"
  >
    <div
      className="MuiToolbar-root-39 MuiToolbar-gutters-40"
    >
      <button
        className="MuiButtonBase-root-47 MuiIconButton-root-41"
        disabled={false}
        onBlur={[Function]}
        onClick={[Function]}
        onFocus={[Function]}
        onKeyDown={[Function]}
        onKeyUp={[Function]}
        onMouseDown={[Function]}
        onMouseLeave={[Function]}
        onMouseUp={[Function]}
        onTouchEnd={[Function]}
        onTouchMove={[Function]}
        onTouchStart={[Function]}
        tabIndex="0"
        type="button"
      >
        <span
          className="MuiIconButton-label-46"
        >
          <svg
            aria-hidden="true"
            className="MuiSvgIcon-root-50 AddContact-icon-2"
            color={undefined}
            focusable="false"
            viewBox="0 0 24 24"
          >
            <path
              d="M10 20v-6h4v6h5v-8h3L12 3 2 12h3v8z"
            />
          </svg>
        </span>
        <span
          className="MuiTouchRipple-root-56"
        />
      </button>
      <p
        className="MuiTypography-root-63 MuiTypography-body1-72 MuiTypography-colorInherit-82"
        style={
          Object {
            "flex": "1",
          }
        }
        type="title"
      >
        Add contact
      </p>
    </div>
  </header>
  <div
    className="sc-bwzfXH eJEMPj"
  >
    <form
      onSubmit={[Function]}
    >
      <div
        aria-describedby={undefined}
        className="MuiFormControl-root-89 MuiFormControl-marginNormal-90 MuiFormControl-fullWidth-92"
        onBlur={[Function]}
        onFocus={[Function]}
      >
        <label
          className="MuiFormLabel-root-98 MuiInputLabel-root-93 MuiInputLabel-formControl-94 MuiInputLabel-animated-97"
          data-shrink={false}
          htmlFor="name"
        >
          Name
          <span
            className="MuiFormLabel-asterisk-102"
          >
             *
          </span>
        </label>
        <div
          className="MuiInput-root-103 MuiInput-fullWidth-110 MuiInput-formControl-104 MuiInput-underline-107"
        >
          <input
            aria-invalid={false}
            aria-required={true}
            autoComplete={undefined}
            autoFocus={undefined}
            className="MuiInput-input-111"
            defaultValue={undefined}
            disabled={false}
            id="name"
            name="name"
            onBlur={[Function]}
            onChange={[Function]}
            onFocus={[Function]}
            onKeyDown={undefined}
            onKeyUp={undefined}
            placeholder={undefined}
            readOnly={undefined}
            required={true}
            rows={undefined}
            type="text"
            value=""
          />
        </div>
      </div>
      <div
        aria-describedby={undefined}
        className="MuiFormControl-root-89 MuiFormControl-marginNormal-90 MuiFormControl-fullWidth-92"
        onBlur={[Function]}
        onFocus={[Function]}
      >
        <label
          className="MuiFormLabel-root-98 MuiInputLabel-root-93 MuiInputLabel-formControl-94 MuiInputLabel-animated-97"
          data-shrink={false}
          htmlFor="job_title"
        >
          job_title
          <span
            className="MuiFormLabel-asterisk-102"
          >
             *
          </span>
        </label>
        <div
          className="MuiInput-root-103 MuiInput-fullWidth-110 MuiInput-formControl-104 MuiInput-underline-107"
        >
          <input
            aria-invalid={false}
            aria-required={true}
            autoComplete={undefined}
            autoFocus={undefined}
            className="MuiInput-input-111"
            defaultValue={undefined}
            disabled={false}
            id="job_title"
            name="job_title"
            onBlur={[Function]}
            onChange={[Function]}
            onFocus={[Function]}
            onKeyDown={undefined}
            onKeyUp={undefined}
            placeholder={undefined}
            readOnly={undefined}
            required={true}
            rows={undefined}
            type="text"
            value=""
          />
        </div>
      </div>
      <div
        aria-describedby={undefined}
        className="MuiFormControl-root-89 MuiFormControl-marginNormal-90 MuiFormControl-fullWidth-92"
        onBlur={[Function]}
        onFocus={[Function]}
      >
        <label
          className="MuiFormLabel-root-98 MuiInputLabel-root-93 MuiInputLabel-formControl-94 MuiInputLabel-animated-97"
          data-shrink={false}
          htmlFor="address"
        >
          address
          <span
            className="MuiFormLabel-asterisk-102"
          >
             *
          </span>
        </label>
        <div
          className="MuiInput-root-103 MuiInput-fullWidth-110 MuiInput-formControl-104 MuiInput-underline-107"
        >
          <input
            aria-invalid={false}
            aria-required={true}
            autoComplete={undefined}
            autoFocus={undefined}
            className="MuiInput-input-111"
            defaultValue={undefined}
            disabled={false}
            id="address"
            name="address"
            onBlur={[Function]}
            onChange={[Function]}
            onFocus={[Function]}
            onKeyDown={undefined}
            onKeyUp={undefined}
            placeholder={undefined}
            readOnly={undefined}
            required={true}
            rows={undefined}
            type="text"
            value=""
          />
        </div>
      </div>
      <div
        aria-describedby={undefined}
        className="MuiFormControl-root-89 MuiFormControl-marginNormal-90 MuiFormControl-fullWidth-92"
        onBlur={[Function]}
        onFocus={[Function]}
      >
        <label
          className="MuiFormLabel-root-98 MuiInputLabel-root-93 MuiInputLabel-formControl-94 MuiInputLabel-animated-97"
          data-shrink={false}
          htmlFor="phone"
        >
          phone
          <span
            className="MuiFormLabel-asterisk-102"
          >
             *
          </span>
        </label>
        <div
          className="MuiInput-root-103 MuiInput-fullWidth-110 MuiInput-formControl-104 MuiInput-underline-107"
        >
          <input
            aria-invalid={false}
            aria-required={true}
            autoComplete={undefined}
            autoFocus={undefined}
            className="MuiInput-input-111"
            defaultValue={undefined}
            disabled={false}
            id="phone"
            name="phone"
            onBlur={[Function]}
            onChange={[Function]}
            onFocus={[Function]}
            onKeyDown={undefined}
            onKeyUp={undefined}
            placeholder={undefined}
            readOnly={undefined}
            required={true}
            rows={undefined}
            type="text"
            value=""
          />
        </div>
      </div>
      <div
        aria-describedby={undefined}
        className="MuiFormControl-root-89 MuiFormControl-marginNormal-90 MuiFormControl-fullWidth-92"
        onBlur={[Function]}
        onFocus={[Function]}
      >
        <label
          className="MuiFormLabel-root-98 MuiInputLabel-root-93 MuiInputLabel-formControl-94 MuiInputLabel-animated-97"
          data-shrink={false}
          htmlFor="email"
        >
          email
          <span
            className="MuiFormLabel-asterisk-102"
          >
             *
          </span>
        </label>
        <div
          className="MuiInput-root-103 MuiInput-fullWidth-110 MuiInput-formControl-104 MuiInput-underline-107"
        >
          <input
            aria-invalid={false}
            aria-required={true}
            autoComplete={undefined}
            autoFocus={undefined}
            className="MuiInput-input-111"
            defaultValue={undefined}
            disabled={false}
            id="email"
            name="email"
            onBlur={[Function]}
            onChange={[Function]}
            onFocus={[Function]}
            onKeyDown={undefined}
            onKeyUp={undefined}
            placeholder={undefined}
            readOnly={undefined}
            required={true}
            rows={undefined}
            type="text"
            value=""
          />
        </div>
      </div>
      <div
        className="sc-bdVaJa ccfodj"
      >
        <button
          className="MuiButtonBase-root-47 MuiButton-root-116 MuiButton-contained-125 MuiButton-containedPrimary-126 MuiButton-raised-128 MuiButton-raisedPrimary-129 ContactForm-button-87"
          disabled={false}
          onBlur={[Function]}
          onFocus={[Function]}
          onKeyDown={[Function]}
          onKeyUp={[Function]}
          onMouseDown={[Function]}
          onMouseLeave={[Function]}
          onMouseUp={[Function]}
          onTouchEnd={[Function]}
          onTouchMove={[Function]}
          onTouchStart={[Function]}
          tabIndex="0"
          type="submit"
        >
          <span
            className="MuiButton-label-117"
          >
            Save
          </span>
          <span
            className="MuiTouchRipple-root-56"
          />
        </button>
      </div>
    </form>
  </div>
</div>
`;
